## call by reference?

#include<stdio.h>
void value(int *p1,int *p2);
int main()
{
int a,b;
printf("Enter the value :");
scanf("%d %d",&a,&b);
value(&a,&b);
//printf("After the values are a=%d b=%d\n",a,b);
return 0;
}

void value(int *p1,int *p2)
{
int temp;
temp=*p1;
*p1=*p2;
*p2=temp;
printf("After swaping the value are a=%d b=%d\n",*p1,*p2);
}

/*output - Breakpoint 1, main () at 6_call_reference.c:6
6	{
(gdb) s
8	printf("Enter the value :");
(gdb) n
9	scanf("%d %d",&a,&b);
(gdb) n
Enter the value :10 20
10	value(&a,&b);
(gdb) s
value (p1=0x7fffffffdf20, p2=0x7fffffffdf24) at 6_call_reference.c:18
18	temp=*p1;
(gdb) s
19	*p2=*p1;
(gdb) s
20	*p2=temp;
(gdb) n
21	printf("After swaping the value are a=%d b=%d\n",*p1,*p2);
(gdb) p *p1
$1 = 10
(gdb) *p2
Undefined command: "".  Try "help".
(gdb) p *p2
$2 = 10


Breakpoint 1, main () at 6_call_reference.c:6
6	{
(gdb) s
8	printf("Enter the value :");
(gdb) n
9	scanf("%d %d",&a,&b);
(gdb) n
Enter the value :10 20
10	value(&a,&b);
(gdb) s
value (p1=0x7fffffffdf20, p2=0x7fffffffdf24) at 6_call_reference.c:18
18	temp=*p1;
(gdb) s
19	*p1=*p2;
(gdb) s
20	*p2=temp;
(gdb) s
21	printf("After swaping the value are a=%d b=%d\n",*p1,*p2);
(gdb) p *p1
$1 = 20
(gdb) p *p2
$2 = 10
*/
