## Find the biggest of n numbers, without using arrays.

#include<stdio.h>
int main()
{
int num,n,m=0;
printf("Enter the n value :");
scanf("%d",&n);
while(n--)
{
printf("Enter the value :");
scanf("%d",&num);
if(m<num)
m=num;
}
printf("The biggest all numbers are %d\n",m);
return 0;
}
/*output - GNU gdb (Ubuntu 8.1.1-0ubuntu1) 8.1.1
Copyright (C) 2018 Free Software Foundation, Inc.
License GPLv3+: GNU GPL version 3 or later <http://gnu.org/licenses/gpl.html>
This is free software: you are free to change and redistribute it.
There is NO WARRANTY, to the extent permitted by law.  Type "show copying"
and "show warranty" for details.
This GDB was configured as "x86_64-linux-gnu".
Type "show configuration" for configuration details.
For bug reporting instructions, please see:
<http://www.gnu.org/software/gdb/bugs/>.
Find the GDB manual and other documentation resources online at:
<http://www.gnu.org/software/gdb/documentation/>.
For help, type "help".
Type "apropos word" to search for commands related to "word"...
Reading symbols from ./a.out_dbg...done.
(gdb) b main
Breakpoint 1 at 0x722: file 3_biggest_numbers.c, line 5.
(gdb) r
Starting program: /home/km/git.lab/Km56aesd18/GDB/a.out_dbg 

Breakpoint 1, main () at 3_biggest_numbers.c:5
5	{
(gdb) s
6	int num,n,m=0;
(gdb) s
7	printf("Enter the n value :");
(gdb) n
8	scanf("%d",&n);
(gdb) n
Enter the n value :5
9	while(n--)
(gdb) s
11	printf("Enter the value :");
(gdb) n
12	scanf("%d",&num);
(gdb) n
Enter the value :10
13	if(m>num)
(gdb) s
9	while(n--)
(gdb) s
11	printf("Enter the value :");
(gdb) n
12	scanf("%d",&num);
(gdb) n
Enter the value :20
13	if(m>num)
(gdb) s
9	while(n--)
(gdb) ss
Undefined command: "ss".  Try "help".
(gdb) n
11	printf("Enter the value :");
(gdb) n
12	scanf("%d",&num);
(gdb) 30
Undefined command: "30".  Try "help".
(gdb) n
Enter the value :33445566778899
13	if(m>num)
(gdb) s
9	while(n--)
(gdb) n
11	printf("Enter the value :");
(gdb) n
12	scanf("%d",&num);
(gdb) n
Enter the value :35
13	if(m>num)
(gdb) s
9	while(n--)
(gdb) s
11	printf("Enter the value :");
(gdb) n
12	scanf("%d",&num);
(gdb) n
Enter the value :45
13	if(m>num)
(gdb) s
9	while(n--)
(gdb) finish
"finish" not meaningful in the outermost frame.
(gdb) f
#0  main () at 3_biggest_numbers.c:9
9	while(n--)
(gdb) c
Continuing.
The biggest all numbers are 0
[Inferior 1 (process 2512) exited normally]
(gdb) p m
No symbol "m" in current context.
(gdb) s
The program is not being run.
(gdb) p m
No symbol "m" in current context.
(gdb) r
Starting program: /home/km/git.lab/Km56aesd18/GDB/a.out_dbg 

Breakpoint 1, main () at 3_biggest_numbers.c:5
5	{
(gdb) s
6	int num,n,m=0;
(gdb) s
7	printf("Enter the n value :");
(gdb) n
8	scanf("%d",&n);
(gdb) n
Enter the n value :4
9	while(n--)
(gdb) s
11	printf("Enter the value :");
(gdb) n
12	scanf("%d",&num);
(gdb) n
Enter the value :10
13	if(m>num)
(gdb) s
9	while(n--)
(gdb) s
11	printf("Enter the value :");
(gdb) n
12	scanf("%d",&num);
(gdb) n
Enter the value :20
13	if(m>num)
(gdb) s
9	while(n--)
(gdb) n
11	printf("Enter the value :");
(gdb) n
12	scanf("%d",&num);
(gdb) n
Enter the value :30
13	if(m>num)
(gdb) s
9	while(n--)
(gdb) s
11	printf("Enter the value :");
(gdb) n
12	scanf("%d",&num);
(gdb) n
Enter the value :40
13	if(m>num)
(gdb) s
9	while(n--)
(gdb) c
Continuing.
The biggest all numbers are 0
[Inferior 1 (process 2519) exited normally]
(gdb) n
The program is not being run.
(gdb) q


GNU gdb (Ubuntu 8.1.1-0ubuntu1) 8.1.1
Copyright (C) 2018 Free Software Foundation, Inc.
License GPLv3+: GNU GPL version 3 or later <http://gnu.org/licenses/gpl.html>
This is free software: you are free to change and redistribute it.
There is NO WARRANTY, to the extent permitted by law.  Type "show copying"
and "show warranty" for details.
This GDB was configured as "x86_64-linux-gnu".
Type "show configuration" for configuration details.
For bug reporting instructions, please see:
<http://www.gnu.org/software/gdb/bugs/>.
Find the GDB manual and other documentation resources online at:
<http://www.gnu.org/software/gdb/documentation/>.
For help, type "help".
Type "apropos word" to search for commands related to "word"...
Reading symbols from ./a.out_dbg...done.
(gdb) b main
Breakpoint 1 at 0x722: file 3_biggest_numbers.c, line 5.
(gdb) r
Starting program: /home/km/git.lab/Km56aesd18/GDB/a.out_dbg 

Breakpoint 1, main () at 3_biggest_numbers.c:5
5	{
(gdb) s
6	int num,n,m=0;
(gdb) s
7	printf("Enter the n value :");
(gdb) n
8	scanf("%d",&n);
(gdb) n
Enter the n value :4
9	while(n--)
(gdb) s
11	printf("Enter the value :");
(gdb) n
12	scanf("%d",&num);
(gdb) n
Enter the value :10
13	if(m<num)
(gdb) s
14	m=num;
(gdb) s
9	while(n--)
(gdb) s
11	printf("Enter the value :");
(gdb) n
12	scanf("%d",&num);
(gdb) n
Enter the value :102030405050660708090
13	if(m<num)
(gdb) s
9	while(n--)
(gdb) s
11	printf("Enter the value :");
(gdb) n
12	scanf("%d",&num);
(gdb) n
Enter the value :20
13	if(m<num)
(gdb) s
14	m=num;
(gdb) s
9	while(n--)
(gdb) s
11	printf("Enter the value :");
(gdb) n
12	scanf("%d",&num);
(gdb) n
Enter the value :40
13	if(m<num)
(gdb) s
14	m=num;
(gdb) s
9	while(n--)
(gdb) c
Continuing.
The biggest all numbers are 40
*/
